[grupoblconsultores.com/index.html]
[backblue.gif]
[fade.gif]
[index.html]
[grupoblconsultores.com/wp-content/uploads/2025/10/WhatsApp-Image-2025-08-08-at-17.51.06-1.jpg]
[grupoblconsultores.com/wp-json/oembed/1.0/embedd04b.json]
[grupoblconsultores.com/wp-json/oembed/1.0/embeda1c7]
[grupoblconsultores.com/wp-content/uploads/blocksy/css/global776d.css]
[grupoblconsultores.com/wp-content/plugins/stackable-ultimate-gutenberg-blocks/dist/frontend_blocks7be3.css]
[grupoblconsultores.com/wp-includes/css/dist/block-library/style.min8d68.css]
[grupoblconsultores.com/comments/feed/index.html]
[grupoblconsultores.com/feed/index.html]
[grupoblconsultores.com/wp-content/plugins/simply-schedule-appointments/assets/css/upcoming-appointmentsc2a4.css]
[grupoblconsultores.com/wp-content/plugins/simply-schedule-appointments/assets/css/ssa-stylesc2a4.css]
[grupoblconsultores.com/wp-content/plugins/wpforms-lite/assets/css/frontend/modern/wpforms-base.min76a4.css]
[grupoblconsultores.com/wp-content/themes/blocksy/style8d68.css]
[grupoblconsultores.com/wp-content/themes/blocksy/static/bundle/main.min4077.css]
[grupoblconsultores.com/wp-content/themes/blocksy/static/bundle/woocommerce.min4077.css]
[grupoblconsultores.com/wp-content/themes/blocksy/static/bundle/stackable.min4077.css]
[grupoblconsultores.com/wp-content/themes/blocksy/static/bundle/wpforms.min4077.css]
[grupoblconsultores.com/wp-content/plugins/sureforms/assets/css/minified/payment-history.min4dc3.css]
[grupoblconsultores.com/wp-content/uploads/pum/pum-site-styles21f8.css]
[grupoblconsultores.com/wp-includes/js/jquery/jquery.minf43b.js]
[grupoblconsultores.com/wp-includes/js/jquery/jquery-migrate.min5589.js]
[grupoblconsultores.com/wp-content/plugins/woocommerce/assets/js/jquery-blockui/jquery.blockUI.min3de0.js]
[grupoblconsultores.com/wp-content/plugins/woocommerce/assets/js/frontend/add-to-cart.min9e47.js]
[grupoblconsultores.com/wp-content/plugins/woocommerce/assets/js/js-cookie/js.cookie.mine5db.js]
[grupoblconsultores.com/wp-content/plugins/woocommerce/assets/js/frontend/woocommerce.min9e47.js]
[grupoblconsultores.com/wp-content/plugins/woocommerce/assets/js/frontend/cart-fragments.min9e47.js]
[grupoblconsultores.com/wp-json/wp/v2/pages/555.json]
[grupoblconsultores.com/wp-json/index.html]
[grupoblconsultores.com/xmlrpc0db0.php]
[grupoblconsultores.com/wp-content/uploads/2025/10/WhatsApp-Image-2025-08-08-at-17.51.06.jpg]
[grupoblconsultores.com/wp-content/uploads/2025/11/cropped-BL-32x32.png]
[grupoblconsultores.com/wp-content/uploads/2025/11/cropped-BL-192x192.png]
[grupoblconsultores.com/wp-content/uploads/2025/11/cropped-BL-180x180.png]
[grupoblconsultores.com/wp-content/plugins/woocommerce-gateway-stripe/build/upe-blocksb732.css]
[grupoblconsultores.com/wp-content/plugins/woocommerce/assets/client/blocks/wc-blocksf655.css]
[grupoblconsultores.com/wp-content/uploads/2026/04/WhatsApp-Image-2026-04-25-at-19.25.23-e1777392322918.webp]
[grupoblconsultores.com/services/index.html]
[grupoblconsultores.com/wp-content/uploads/2026/04/ChatGPT-Image-18-abr-2026-06_40_19.png]
[grupoblconsultores.com/contacto/index.html]
[grupoblconsultores.com/servicioss/index.html]
[grupoblconsultores.com/sobre-nosotros/index.html]
[grupoblconsultores.com/wp-content/uploads/2025/10/WhatsApp-Image-2025-09-12-at-17.27.08.jpg]
[grupoblconsultores.com/testimonios/index.html]
[grupoblconsultores.com/cursos-seminarios/index.html]
[grupoblconsultores.com/estudia-en-alemania/index.html]
[grupoblconsultores.com/wp-content/uploads/2025/10/WhatsApp-Image-2025-10-07-at-11.59.01.jpg]
[grupoblconsultores.com/news/index.html]
[grupoblconsultores.com/wp-content/plugins/wpforms-lite/assets/images/submit-spin.svg]
[grupoblconsultores.com/cart/index.html]
[grupoblconsultores.com/wp-content/uploads/2025/11/espana5-scaled.jpg]
[grupoblconsultores.com/wp-includes/js/dist/dom-ready.min5346.js]
[grupoblconsultores.com/wp-content/plugins/astra-sites/inc/lib/onboarding/assets/dist/template-preview/main1006.js]
[grupoblconsultores.com/wp-content/themes/blocksy/static/bundle/main4077.js]
[grupoblconsultores.com/wp-content/plugins/woocommerce/assets/js/sourcebuster/sourcebuster.min9e47.js]
[grupoblconsultores.com/wp-content/plugins/woocommerce/assets/js/frontend/order-attribution.min9e47.js]
[grupoblconsultores.com/wp-includes/js/jquery/ui/core.minb37e.js]
[grupoblconsultores.com/wp-includes/js/dist/hooks.minaf5f.js]
[grupoblconsultores.com/index.html]
[grupoblconsultores.com/wp-content/uploads/blocksy/css/global776d.css]
[grupoblconsultores.com/wp-content/plugins/stackable-ultimate-gutenberg-blocks/dist/frontend_blocks7be3.css]
[grupoblconsultores.com/wp-includes/css/dist/block-library/style.min8d68.css]
[grupoblconsultores.com/wp-content/plugins/omnisend/styles/site-styles073f.css]
[grupoblconsultores.com/wp-content/plugins/simply-schedule-appointments/assets/css/upcoming-appointmentsc2a4.css]
[grupoblconsultores.com/wp-content/plugins/simply-schedule-appointments/assets/css/ssa-stylesc2a4.css]
[grupoblconsultores.com/wp-content/plugins/wpforms-lite/assets/css/frontend/modern/wpforms-base.min76a4.css]
[grupoblconsultores.com/wp-content/themes/blocksy/style8d68.css]
[grupoblconsultores.com/wp-content/themes/blocksy/static/bundle/main.min4077.css]
[grupoblconsultores.com/wp-content/themes/blocksy/static/bundle/woocommerce.min4077.css]
[grupoblconsultores.com/wp-content/themes/blocksy/static/bundle/stackable.min4077.css]
[grupoblconsultores.com/wp-content/themes/blocksy/static/bundle/wpforms.min4077.css]
[grupoblconsultores.com/wp-content/plugins/sureforms/assets/css/minified/payment-history.min4dc3.css]
[grupoblconsultores.com/wp-content/uploads/pum/pum-site-styles21f8.css]
[grupoblconsultores.com/wp-includes/js/jquery/jquery.minf43b.js]
[grupoblconsultores.com/wp-includes/js/jquery/jquery-migrate.min5589.js]
[grupoblconsultores.com/wp-content/plugins/woocommerce/assets/js/jquery-blockui/jquery.blockUI.min3de0.js]
[grupoblconsultores.com/wp-content/plugins/woocommerce/assets/js/frontend/add-to-cart.min9e47.js]
[grupoblconsultores.com/wp-content/plugins/woocommerce/assets/js/js-cookie/js.cookie.mine5db.js]
[grupoblconsultores.com/wp-content/plugins/woocommerce/assets/js/frontend/woocommerce.min9e47.js]
[grupoblconsultores.com/wp-content/plugins/woocommerce/assets/js/frontend/cart-fragments.min9e47.js]
[grupoblconsultores.com/wp-content/themes/blocksy/static/bundle/no-scripts.min.css]
[grupoblconsultores.com/wp-content/plugins/woocommerce-gateway-stripe/build/upe-blocksb732.css]
[grupoblconsultores.com/wp-content/plugins/woocommerce/assets/client/blocks/wc-blocksf655.css]
[grupoblconsultores.com/services/index.html]
[grupoblconsultores.com/servicioss/index.html]
[grupoblconsultores.com/sobre-nosotros/index.html]
[grupoblconsultores.com/contacto/index.html]
[grupoblconsultores.com/testimonios/index.html]
[grupoblconsultores.com/estudia-en-alemania/index.html]
[grupoblconsultores.com/cursos-seminarios/index.html]
[grupoblconsultores.com/news/index.html]
[js.stripe.com/clover/stripe.js]
[grupoblconsultores.com/cart/index.html]
[grupoblconsultores.com/wp-content/plugins/wpforms-lite/assets/images/submit-spin.svg]
[grupoblconsultores.com/wp-includes/js/dist/dom-ready.min5346.js]
[grupoblconsultores.com/wp-content/plugins/astra-sites/inc/lib/onboarding/assets/dist/template-preview/main1006.js]
[grupoblconsultores.com/wp-content/themes/blocksy/static/bundle/main4077.js]
[grupoblconsultores.com/wp-content/plugins/woocommerce/assets/js/sourcebuster/sourcebuster.min9e47.js]
[grupoblconsultores.com/wp-content/plugins/woocommerce/assets/js/frontend/order-attribution.min9e47.js]
[grupoblconsultores.com/wp-includes/js/jquery/ui/core.minb37e.js]
[grupoblconsultores.com/wp-includes/js/dist/hooks.minaf5f.js]
[grupoblconsultores.com/wp-content/uploads/pum/pum-site-scripts9d29.html]
[grupoblconsultores.com/wp-content/plugins/wpforms-lite/assets/lib/jquery.validate.min3c17.html]
[grupoblconsultores.com/wp-content/plugins/wpforms-lite/assets/lib/mailcheck.mincfa9.html]
[grupoblconsultores.com/wp-content/plugins/wpforms-lite/assets/lib/punycode.min8a54.html]
[grupoblconsultores.com/wp-content/plugins/wpforms-lite/assets/js/share/utils.min76a4.html]
[grupoblconsultores.com/wp-content/plugins/wpforms-lite/assets/js/frontend/wpforms.min76a4.html]
[grupoblconsultores.com/wp-content/plugins/wpforms-lite/assets/js/frontend/wpforms-modern.min76a4.html]
[grupoblconsultores.com/wp-content/plugins/wpforms-lite/assets/js/frontend/fields/address.min76a4.html]
[grupoblconsultores.com/wp-content/themes/blocksy/static/fonts/stars.html]
[grupoblconsultores.com/wp-content/themes/blocksy/static/fonts/woo.html]
[grupoblconsultores.com/wp-json/oembed/1.0/embed4894.html]
[grupoblconsultores.com/wp-json/oembed/1.0/embed894e.html]
[grupoblconsultores.com/wp-content/plugins/omnisend/styles/site-styles4e90.css]
[grupoblconsultores.com/wp-json/wp/v2/pages/557.html]
[grupoblconsultores.com/wp-content/uploads/2025/10/businessman-4914044_1280.html]
[grupoblconsultores.com/producto/consultas-especializadas/index.html]
[grupoblconsultores.com/producto/regulaion-migratoria-para-extranjeros-en-ecuador/index.html]
[grupoblconsultores.com/producto/visa-de-negocios/index.html]
[grupoblconsultores.com/producto/visa-para-nomadas-digitales/index.html]
[grupoblconsultores.com/producto/residencia-permanente-o-temporal-en-ecuador/index.html]
[grupoblconsultores.com/producto/nacionalidad-ecuatoriana-para-extranjeros/index.html]
[grupoblconsultores.com/producto/asesoria-en-rutas-migratorias/index.html]
[grupoblconsultores.com/producto/homologacion-de-titulos/index.html]
[grupoblconsultores.com/producto/recuperacon-de-la-tarjeta-de-residencia/index.html]
[grupoblconsultores.com/producto/visa-no-lucrativa-visa-para-nomadas-digitales-espana/index.html]
[grupoblconsultores.com/producto/reagrupacion-familiar-espana/index.html]
[grupoblconsultores.com/producto/visa-por-arraigo-familiar-laboral-o-social-espana/index.html]
[grupoblconsultores.com/producto/visa-de-trabajo-y-residencia-espana/index.html]
[grupoblconsultores.com/producto/visas-de-estudio-en-alemania-licenciaturas-maestrias-y-especializaciones-medicas/index.html]
[grupoblconsultores.com/producto/visas-para-estados-unidos-australia-canada-reino-unido-y-paises-del-espacio-schengen/index.html]
[grupoblconsultores.com/wp-content/uploads/2025/12/pdf-de-servicios-belen.html]
[grupoblconsultores.com/wp-content/uploads/2025/10/Belen-Loor20029-scaled.html]
[grupoblconsultores.com/servicioss/page/2/index.html]
[grupoblconsultores.com/servicioss/feed/index.html]
[grupoblconsultores.com/wp-content/plugins/omnisend/styles/site-styles9cfa.css]
[grupoblconsultores.com/wp-content/themes/blocksy/static/bundle/page-title.min4077.html]
[grupoblconsultores.com/wp-content/themes/blocksy/static/bundle/pagination.min4077.html]
[grupoblconsultores.com/wp-content/uploads/2021/12/rutas-e1762004532409-300x300.html]
[grupoblconsultores.com/servicioss/index5668.html]
[grupoblconsultores.com/wp-content/uploads/2021/12/familia2-e1761055670775-300x353.html]
[grupoblconsultores.com/wp-content/uploads/2021/12/espana2-e1762005745301-300x300.html]
[grupoblconsultores.com/servicioss/index862a.html]
[grupoblconsultores.com/wp-content/uploads/2021/12/ecuador2-e1762004182813-300x353.html]
[grupoblconsultores.com/servicioss/index0865.html]
[grupoblconsultores.com/wp-content/uploads/2025/11/familia3-e1762012961345-300x353.html]
[grupoblconsultores.com/wp-content/uploads/2021/12/espana1-e1762006903268-300x300.html]
[grupoblconsultores.com/servicioss/index4ea3.html]
[grupoblconsultores.com/servicioss/page/3/index.html]
[grupoblconsultores.com/wp-json/oembed/1.0/embed2a4d.html]
[grupoblconsultores.com/wp-json/oembed/1.0/embed6660.html]
[grupoblconsultores.com/wp-json/wp/v2/pages/203.html]
[grupoblconsultores.com/wp-content/uploads/2025/10/captura-de-pantalla-de-una-persona-que-escribe-en-un-libro-con-un-mazo-sobre-la-mesa-scaled.html]
[grupoblconsultores.com/wp-content/uploads/2025/10/WhatsApp-Image-2025-08-22-at-22.17.49.html]
[grupoblconsultores.com/wp-content/uploads/2025/11/Maria-Belen-Loor-Segovia.html]
[grupoblconsultores.com/wp-content/uploads/2025/10/WhatsApp-Image-2025-08-18-at-11.58.37.html]
[grupoblconsultores.com/wp-json/oembed/1.0/embed1159.html]
[grupoblconsultores.com/wp-json/oembed/1.0/embed88d6.html]
[grupoblconsultores.com/wp-json/wp/v2/pages/559.html]
[grupoblconsultores.com/wp-content/uploads/2025/10/telephone-4646009_1280.html]
[grupoblconsultores.com/wp-content/uploads/2025/10/Belen-Loor19154-scaled.html]
[grupoblconsultores.com/wp-content/plugins/stackable-ultimate-gutenberg-blocks/dist/frontend_block_map7be3.html]
[grupoblconsultores.com/wp-json/oembed/1.0/embed7a75.html]
[grupoblconsultores.com/wp-json/oembed/1.0/embedaaa4.html]
[grupoblconsultores.com/wp-content/plugins/omnisend/styles/site-styles1125.css]
[grupoblconsultores.com/wp-json/wp/v2/pages/797.html]
[grupoblconsultores.com/wp-content/uploads/2025/10/Belen-Loor19750-scaled.html]
[grupoblconsultores.com/wp-content/uploads/2025/11/foto-testimio2.html]
[grupoblconsultores.com/wp-content/uploads/2025/11/foto-testimonio3.html]
[grupoblconsultores.com/wp-content/uploads/2025/11/foto-testimonio1.html]
[grupoblconsultores.com/wp-content/plugins/stackable-ultimate-gutenberg-blocks/dist/frontend_block_video_popup7be3.html]
[grupoblconsultores.com/wp-json/oembed/1.0/embed95b3.html]
[grupoblconsultores.com/wp-json/oembed/1.0/embedd9f4.html]
[grupoblconsultores.com/wp-json/wp/v2/pages/838.html]
[grupoblconsultores.com/wp-content/uploads/2025/11/berlin3.html]
[grupoblconsultores.com/wp-content/uploads/2025/11/berlin2-1024x768.html]
[grupoblconsultores.com/wp-content/uploads/2025/11/gisma3.html]
[grupoblconsultores.com/wp-content/uploads/2025/11/gisma2.html]
[grupoblconsultores.com/wp-content/uploads/2025/11/gisma3-1.html]
[grupoblconsultores.com/wp-content/uploads/2025/11/berlin4.html]
[grupoblconsultores.com/wp-content/uploads/2025/12/programa-intregal-de-medicos-en-alemania.html]
[grupoblconsultores.com/wp-content/plugins/stackable-ultimate-gutenberg-blocks/dist/frontend_block_tabs7be3.html]
[grupoblconsultores.com/wp-content/plugins/stackable-ultimate-gutenberg-blocks/dist/frontend_block_count_up7be3.html]
[grupoblconsultores.com/wp-json/oembed/1.0/embed2699.html]
[grupoblconsultores.com/wp-json/oembed/1.0/embeda9ab.html]
[grupoblconsultores.com/wp-json/wp/v2/pages/850.html]
[grupoblconsultores.com/wp-content/uploads/2025/10/stk-design-library-image-1.html]
[grupoblconsultores.com/wp-content/plugins/blocks-animation/build/animation/index6984.html]
[grupoblconsultores.com/wp-content/uploads/2025/11/BL.html]
[grupoblconsultores.com/wp-content/uploads/2025/11/LOGO-CONVERGENCIA.html]
[grupoblconsultores.com/wp-content/uploads/2025/11/Maria-Fernanda-Suasnavas.html]
[grupoblconsultores.com/wp-content/uploads/2025/11/Janet-Hinostroza.html]
[grupoblconsultores.com/wp-content/uploads/2025/11/Carlas-Flores-Garcia.html]
[grupoblconsultores.com/wp-content/uploads/2025/12/WhatsApp-Image-2025-12-08-at-15.08.07.html]
[grupoblconsultores.com/wp-content/plugins/blocks-animation/build/animation/frontend6984.html]
[grupoblconsultores.com/wp-content/plugins/omnisend/styles/site-stylesb055.css]
[grupoblconsultores.com/wp-content/themes/blocksy/static/bundle/entries.min4077.html]
[grupoblconsultores.com/2026/05/06/aun-no-estas-legal-en-espana-🇪🇸/index.html]
[grupoblconsultores.com/wp-content/uploads/2025/11/espana5-768x576.html]
[grupoblconsultores.com/category/noticias/index.html]
[grupoblconsultores.com/2025/11/26/accumsan-tortor-posuere-acut-consequat/index.html]
[grupoblconsultores.com/wp-content/uploads/2021/12/work_noticas2-768x512.html]
[grupoblconsultores.com/2025/11/24/condimentum-odvenenatis-vestibulum-dapibus/index.html]
[grupoblconsultores.com/wp-content/uploads/2021/12/ecuador_noticias2-768x513.html]
[grupoblconsultores.com/2025/11/24/lobortis-elementum-nibhtellus-molestie-mauris/index.html]
[grupoblconsultores.com/wp-content/uploads/2021/12/espana-noticias2-768x715.html]
[grupoblconsultores.com/2025/10/04/hola-mundo/index.html]
[grupoblconsultores.com/wp-content/plugins/woocommerce-gateway-stripe/build/express-checkoutd09c.html]
[grupoblconsultores.com/wp-json/oembed/1.0/embed790f.html]
[grupoblconsultores.com/wp-json/oembed/1.0/embed76ef.html]
[grupoblconsultores.com/wp-content/plugins/woocommerce/assets/css/select29e47.html]
[grupoblconsultores.com/wp-content/plugins/omnisend/styles/site-stylesa0fe.css]
[grupoblconsultores.com/wp-content/plugins/woocommerce-gateway-stripe/build/express-checkoutd09c-2.html]
[grupoblconsultores.com/wp-content/plugins/woocommerce/assets/js/frontend/country-select.min9e47.html]
[grupoblconsultores.com/wp-content/plugins/woocommerce/assets/js/frontend/address-i18n.min9e47.html]
[grupoblconsultores.com/wp-content/plugins/woocommerce/assets/js/frontend/cart.min9e47.html]
[grupoblconsultores.com/wp-content/plugins/woocommerce/assets/js/selectWoo/selectWoo.full.min0ebb.html]
[grupoblconsultores.com/wp-json/wp/v2/pages/82.html]
[grupoblconsultores.com/wp-content/plugins/woocommerce-gateway-stripe/build/upe-classic22e3.html]
[grupoblconsultores.com/wp-content/plugins/woocommerce-gateway-stripe/assets/css/stripe-linkefeb.html]
[grupoblconsultores.com/wp-includes/js/dist/vendor/lodash.mind1d1.html]
[grupoblconsultores.com/wp-includes/js/dist/vendor/react.mine1ab.html]
[grupoblconsultores.com/wp-includes/js/dist/vendor/react-dom.mine1ab.html]
[grupoblconsultores.com/wp-includes/js/dist/vendor/wp-polyfill.min2c7c.html]
[grupoblconsultores.com/wp-content/plugins/woocommerce/assets/client/blocks/wc-typesb249.html]
[grupoblconsultores.com/wp-includes/js/dist/i18n.min1cde.html]
[grupoblconsultores.com/wp-includes/js/dist/url.min5b91.html]
[grupoblconsultores.com/wp-includes/js/dist/api-fetch.min7cb7.html]
[grupoblconsultores.com/wp-admin/admin-ajaxf809.html]
[grupoblconsultores.com/wp-content/plugins/woocommerce/assets/client/blocks/wc-settingsf27d.html]
[grupoblconsultores.com/wp-includes/js/dist/vendor/react-jsx-runtime.mincb06.html]
[grupoblconsultores.com/wp-includes/js/dist/deprecated.min0a8b.html]
[grupoblconsultores.com/wp-includes/js/dist/dom.min18d2.html]
[grupoblconsultores.com/wp-includes/js/dist/escape-html.min3a9d.html]
[grupoblconsultores.com/wp-includes/js/dist/element.min8eb0.html]
[grupoblconsultores.com/wp-includes/js/dist/is-shallow-equal.mincb09.html]
[grupoblconsultores.com/wp-includes/js/dist/keycodes.min204c.html]
[grupoblconsultores.com/wp-includes/js/dist/priority-queue.mina9be.html]
[grupoblconsultores.com/wp-includes/js/dist/compose.minbc06.html]
[grupoblconsultores.com/wp-includes/js/dist/private-apis.min7d42.html]
[grupoblconsultores.com/wp-includes/js/dist/redux-routine.min29d8.html]
[grupoblconsultores.com/wp-includes/js/dist/data.min998d.html]
[grupoblconsultores.com/wp-includes/js/dist/html-entities.minad9d.html]
[grupoblconsultores.com/wp-content/plugins/woocommerce/assets/js/frontend/utils/custom-place-order-button.min9e47.html]
[grupoblconsultores.com/wp-content/plugins/woocommerce/assets/js/frontend/checkout.min9e47.html]
[grupoblconsultores.com/wp-content/plugins/woocommerce-gateway-stripe/build/upe-classic22e3-2.html]
